// Jest Snapshot v1, https://goo.gl/fbAQLP

exports[`Product Thumbs Component renders correctly 1`] = `
ShallowWrapper {
  "length": 1,
  Symbol(enzyme.__root__): [Circular],
  Symbol(enzyme.__unrendered__): <WithStyles(Thumbs)
    activeIndex={0}
    images={
        Array [
            "https://shopping-site.s3.amazonaws.com/images/og-image",
          ]
    }
/>,
  Symbol(enzyme.__renderer__): Object {
    "batchedUpdates": [Function],
    "getNode": [Function],
    "render": [Function],
    "simulateEvent": [Function],
    "unmount": [Function],
  },
  Symbol(enzyme.__node__): Object {
    "instance": null,
    "key": undefined,
    "nodeType": "function",
    "props": Object {
      "activeIndex": 0,
      "classes": Object {
        "root": "Thumbs-root-1",
        "thumb": "Thumbs-thumb-2",
      },
      "images": Array [
        "https://shopping-site.s3.amazonaws.com/images/og-image",
      ],
    },
    "ref": null,
    "rendered": null,
    "type": [Function],
  },
  Symbol(enzyme.__nodes__): Array [
    Object {
      "instance": null,
      "key": undefined,
      "nodeType": "function",
      "props": Object {
        "activeIndex": 0,
        "classes": Object {
          "root": "Thumbs-root-1",
          "thumb": "Thumbs-thumb-2",
        },
        "images": Array [
          "https://shopping-site.s3.amazonaws.com/images/og-image",
        ],
      },
      "ref": null,
      "rendered": null,
      "type": [Function],
    },
  ],
  Symbol(enzyme.__options__): Object {
    "adapter": ReactSixteenAdapter {
      "options": Object {
        "enableComponentDidUpdateOnSetState": true,
      },
    },
  },
}
`;
