// Jest Snapshot v1, https://goo.gl/fbAQLP

exports[`User Address Component renders correctly 1`] = `
ShallowWrapper {
  "length": 1,
  Symbol(enzyme.__root__): [Circular],
  Symbol(enzyme.__unrendered__): <WithStyles(UserAddress)
    bills={
        Array [
            Object {
              "city": "Lake George",
              "email": "test@test.com",
              "firstName": "Ben",
              "id": "1",
              "lastName": "Brooke",
              "state": "California",
              "street1": "123 Fake Lane",
              "street2": "",
              "title": "My Shipping",
              "zip": "12845",
            },
          ]
    }
    ships={
        Array [
            Object {
              "city": "Lake George",
              "email": "test@test.com",
              "firstName": "Ben",
              "id": "1",
              "lastName": "Brooke",
              "state": "California",
              "street1": "123 Fake Lane",
              "street2": "",
              "title": "My Shipping",
              "zip": "12845",
            },
          ]
    }
/>,
  Symbol(enzyme.__renderer__): Object {
    "batchedUpdates": [Function],
    "getNode": [Function],
    "render": [Function],
    "simulateEvent": [Function],
    "unmount": [Function],
  },
  Symbol(enzyme.__node__): Object {
    "instance": null,
    "key": undefined,
    "nodeType": "function",
    "props": Object {
      "bills": Array [
        Object {
          "city": "Lake George",
          "email": "test@test.com",
          "firstName": "Ben",
          "id": "1",
          "lastName": "Brooke",
          "state": "California",
          "street1": "123 Fake Lane",
          "street2": "",
          "title": "My Shipping",
          "zip": "12845",
        },
      ],
      "classes": Object {
        "addresses": "UserAddress-addresses-3",
        "list": "UserAddress-list-4",
        "root": "UserAddress-root-1",
        "title": "UserAddress-title-2",
      },
      "ships": Array [
        Object {
          "city": "Lake George",
          "email": "test@test.com",
          "firstName": "Ben",
          "id": "1",
          "lastName": "Brooke",
          "state": "California",
          "street1": "123 Fake Lane",
          "street2": "",
          "title": "My Shipping",
          "zip": "12845",
        },
      ],
    },
    "ref": null,
    "rendered": null,
    "type": [Function],
  },
  Symbol(enzyme.__nodes__): Array [
    Object {
      "instance": null,
      "key": undefined,
      "nodeType": "function",
      "props": Object {
        "bills": Array [
          Object {
            "city": "Lake George",
            "email": "test@test.com",
            "firstName": "Ben",
            "id": "1",
            "lastName": "Brooke",
            "state": "California",
            "street1": "123 Fake Lane",
            "street2": "",
            "title": "My Shipping",
            "zip": "12845",
          },
        ],
        "classes": Object {
          "addresses": "UserAddress-addresses-3",
          "list": "UserAddress-list-4",
          "root": "UserAddress-root-1",
          "title": "UserAddress-title-2",
        },
        "ships": Array [
          Object {
            "city": "Lake George",
            "email": "test@test.com",
            "firstName": "Ben",
            "id": "1",
            "lastName": "Brooke",
            "state": "California",
            "street1": "123 Fake Lane",
            "street2": "",
            "title": "My Shipping",
            "zip": "12845",
          },
        ],
      },
      "ref": null,
      "rendered": null,
      "type": [Function],
    },
  ],
  Symbol(enzyme.__options__): Object {
    "adapter": ReactSixteenAdapter {
      "options": Object {
        "enableComponentDidUpdateOnSetState": true,
      },
    },
  },
}
`;
